// Vitest Snapshot v1, https://vitest.dev/guide/snapshot.html

exports[`tool registries > basicTools snapshot (slug順で内容を固定。配列順はgetBasicTool検索のみのため非依存) 1`] = `
[
  {
    "beginnerGuide": {
      "inputs": "周波数、アンテナ間隔、2本それぞれの利得を入れます。",
      "purpose": "MIMOやダイバーシティで、2本のアンテナをどれくらい離すべきかを概算します。",
      "result": "−15dB以下を一つの目安にし、λ/2未満では近傍界の参考値として扱います。",
    },
    "canonical": "https://www.staf.co.jp/tools/antenna-isolation",
    "description": "周波数、アンテナ間隔、各アンテナ利得から、自由空間遠方界での結合量S21と目標結合量を満たす距離を概算します。",
    "essenceLead": "アンテナ間隔を2倍にすると、自由空間の結合量は約6dB小さくなります。",
    "formula": "S21≈20log10(λ/(4πd))+G1+G2",
    "metaTitle": "2アンテナ間アイソレーション計算｜周波数・間隔からS21概算",
    "scopeNote": "自由空間・偏波平行・整合済みアンテナの遠方界近似です。共有GNDや筐体上では結合が悪化し得るため、最終判断は実測Sパラメータで行います。",
    "slug": "antenna-isolation",
    "title": "2アンテナ間アイソレーション",
  },
  {
    "beginnerGuide": {
      "inputs": "使う周波数と、実際に置けるアンテナ間隔を入れます。",
      "purpose": "複数アンテナを、近すぎず広すぎず置けているかを波長基準で確認します。",
      "result": "0.5λ前後はよく使われる目安です。近すぎる場合は結合、広すぎる場合は不要ビームに注意します。",
    },
    "canonical": "https://www.staf.co.jp/tools/antenna-spacing",
    "description": "複数アンテナを筐体や基板上で何cm離せばよいかを、波長に対する間隔で確認します。MIMO配置、近接結合、アレイ設計の初期判断に使えます。",
    "essenceLead": "アンテナ間隔はcmではなく、まずλで見ます。",
    "formula": "間隔[λ] = 物理間隔[m] / λ[m]",
    "metaTitle": "アンテナ間隔 λ換算ツール｜MIMO・複数アンテナ配置の基準",
    "slug": "antenna-spacing",
    "title": "アンテナ間隔 λ換算",
  },
  {
    "beginnerGuide": {
      "inputs": "周波数、開口の直径、見込む効率を入れます。効率は迷ったら50〜70%で見ます。",
      "purpose": "ホーン、レンズ、パラボラなどの直径候補で、必要な強さとビーム幅になるかを確認します。",
      "result": "利得が足りないなら大きくし、ビームが細すぎるなら取り付け誤差や測定距離を確認します。",
    },
    "canonical": "https://www.staf.co.jp/tools/aperture-gain-beamwidth",
    "description": "ホーン、レンズ、パラボラなどの開口径から、必要な利得が出るか、ビームが細すぎないか、測定距離が足りるかを概算します。",
    "essenceLead": "開口が大きいほど利得は上がり、ビームは細くなります。",
    "formula": "G = η(πD/λ)²　HPBW≈70λ/D",
    "metaTitle": "開口アンテナ利得・ビーム幅 計算ツール｜ホーン・レンズ・パラボラの概算",
    "slug": "aperture-gain-beamwidth",
    "title": "開口アンテナ利得・ビーム幅",
  },
  {
    "beginnerGuide": {
      "inputs": "周波数、素子同士の間隔、ビームを向けたい方向（走査角）を入れます。",
      "purpose": "複数の素子でビームを作るとき、狙った方向以外にも強いグレーティングローブが出ないかを確認します。",
      "result": "不要ビームが出る可能性ありなら、素子間隔を狭めるか、振る角度を小さくします。",
    },
    "canonical": "https://www.staf.co.jp/tools/array-grating-lobe",
    "description": "アレイアンテナ／フェーズドアレイで、アンテナ素子の間隔が広すぎると現れる不要な強いビーム「グレーティングローブ」が出る条件を確認する計算ツールです。狙った方向のほかに電波の山ができてしまうかを、周波数・素子間隔・走査角から判定します。",
    "essenceLead": "狙った方向以外にも強いビームが出るかどうかを、間隔と向きから確認します。",
    "formula": "|sinθ0 + mλ/d| ≤ 1",
    "metaTitle": "不要ビーム判定ツール｜アレイアンテナの間隔と走査角",
    "scopeNote": "一般的なIoT端末の2本アンテナMIMOというより、ビームを作って方向を振るアレイアンテナ／フェーズドアレイの初期検討に使います。",
    "slug": "array-grating-lobe",
    "title": "不要ビーム判定（アレイ間隔）",
  },
  {
    "beginnerGuide": {
      "inputs": "電池容量、送受信時の電流と時間、動作間隔、スリープ電流、劣化係数を入れます。",
      "purpose": "LPWAやセルラー端末が、想定周期で何年動けそうかを比較します。",
      "result": "平均電流の内訳を見て、送信時間・回数・スリープ電流のどこを改善すべきか判断します。",
    },
    "canonical": "https://www.staf.co.jp/tools/battery-life",
    "description": "電池容量、送受信電流、動作時間、送信周期、スリープ電流から平均電流と理論電池寿命を計算します。",
    "essenceLead": "短い送信でも回数が増えると平均電流が増え、スリープ電流との合計で寿命が決まります。",
    "formula": "Iavg=(Itx·ttx+Irx·trx)/T+Isleep　寿命=容量·derate/Iavg",
    "metaTitle": "無線端末の電池寿命計算｜送信時間・周期・スリープ電流",
    "scopeNote": "一定電流の時間平均による一次見積りです。自己放電、温度、パルス負荷の電圧降下、電池劣化はderateへ集約し、10年超は電池特性が支配的と考えます。",
    "slug": "battery-life",
    "title": "無線端末の電池寿命",
  },
  {
    "beginnerGuide": {
      "inputs": "使う標準品、周波数、本数を選びます。実機に近い組み合わせから始めるのがコツです。",
      "purpose": "ケーブルや変換アダプタで何dB失うかを見積もり、通信余裕から差し引く損失を決めます。",
      "result": "合計損失を、リンクバジェットのケーブル・コネクタ損失に入れて使います。",
    },
    "canonical": "https://www.staf.co.jp/tools/coaxial-cable-loss",
    "description": "標準品（変換・延長用）の同軸ケーブルについて、品番と周波数から1本あたりの挿入損失（実測値）を求めます。求めた合計を、リンクバジェットの「ケーブル・コネクタ損失」に入れて使えます。",
    "essenceLead": "標準品の実測ロスを品番×周波数で。高周波ほど、本数が増えるほど損失は増えます。",
    "formula": "合計損失[dB] = 1本あたり損失（実測の補間値） × 本数",
    "metaTitle": "同軸ケーブル損失 計算ツール｜標準品の実測ロスを品番×周波数で",
    "slug": "coaxial-cable-loss",
    "title": "同軸ケーブル損失",
  },
  {
    "beginnerGuide": {
      "inputs": "dBスライダーを動かします。プラスなら増える、マイナスなら減ると見ます。",
      "purpose": "dBが何倍・何分の1を表すのかを体感し、他の計算結果を読みやすくします。",
      "result": "+3dBで約2倍、+10dBで10倍、距離2倍で約6dB増える感覚を他ツールの読み取りに使います。",
    },
    "canonical": "https://www.staf.co.jp/tools/db-feel",
    "description": "dBは掛け算を足し算にするものさし。スライダーでdB→電力倍率・距離倍率を体感し、+3dBで約2倍・+6dBで距離2倍を直感的に理解できます。",
    "essenceLead": "10倍ごとに+10dB。dBは掛け算を足し算にする『ものさし』です。",
    "formula": "電力倍率 = 10^(dB/10)　距離倍率 = 10^(dB/20)",
    "metaTitle": "dBを体感する｜+3dBで2倍・+6dBで距離2倍を直感理解",
    "slug": "db-feel",
    "title": "dBを体感する",
  },
  {
    "beginnerGuide": {
      "inputs": "分かっている電力値を1つ入れます。機器仕様書ではdBm表記がよく出ます。",
      "purpose": "送信電力や受信感度を、dBm・mW・Wのどの単位でも同じ意味として読めるようにします。",
      "result": "リンクバジェットではdBmにそろえ、損失や利得はdBとして足し引きします。",
    },
    "canonical": "https://www.staf.co.jp/tools/dbm-converter",
    "description": "dBm、mW、W のいずれか1つを入力すると、他の単位へ自動変換します。+10dBで10倍などのdBの感覚もデシベルスケールで確認できます。",
    "essenceLead": "dBmは電力そのもの、dBは比率。リンクバジェットは足し引きで扱います。",
    "formula": "mW = 10 ^ (dBm / 10)",
    "metaTitle": "dBm / mW / W 変換ツール｜電力単位の相互変換",
    "slug": "dbm-converter",
    "title": "dBm 変換",
  },
  {
    "beginnerGuide": {
      "inputs": "使う周波数と、仕様書にあるアンテナ利得dBiを入れます。",
      "purpose": "アンテナ利得dBiを、電波を拾う面積として説明しやすい形に変換します。",
      "result": "有効開口が大きいほど受け口が大きいと考え、周波数違いのアンテナサイズ感を比較します。",
    },
    "canonical": "https://www.staf.co.jp/tools/effective-aperture",
    "description": "アンテナ利得dBiを「電波を受け取れる面積」に換算します。仕様書のdBiだけでは分かりにくい受信しやすさを、920MHz、Wi-Fi、Sub6などの周波数違いで比較できます。",
    "essenceLead": "同じ利得でも、低い周波数ほど有効開口面積は大きくなります。",
    "formula": "Ae = λ²G / (4π)",
    "metaTitle": "有効開口面積 計算ツール｜アンテナ利得dBiを受信面積へ換算",
    "slug": "effective-aperture",
    "title": "有効開口面積・受信面積",
  },
  {
    "beginnerGuide": {
      "inputs": "①送信電力（無線機の出力）②アンテナ利得 ③ケーブル損失を入れ、区分チップで特定小電力（20mW型）か登録局（250mW型）を選びます。",
      "purpose": "いま考えている無線構成（送信電力・アンテナ・ケーブル）が、920MHz帯の法規上限（ARIB STD-T108）に収まっているかを、区分ごとに確認します。",
      "result": "EIRPと上限との余裕が滝グラフに出ます。余裕が負なら超過です。高利得アンテナに替えると超過しやすく、その場合は送信電力を下げてEIRPを上限以下に戻します。",
    },
    "canonical": "https://www.staf.co.jp/tools/eirp-compliance",
    "description": "送信電力・アンテナ利得・ケーブル損失からEIRP（等価等方輻射電力）を計算し、920MHz帯（ARIB STD-T108）の特定小電力20mW型・登録局250mW型の上限に対する合否と余裕を判定します。上限超過分は滝グラフで直接確認できます。",
    "essenceLead": "EIRPは「アンテナから見かけ上どれだけ強く飛ばしているか」で、法規は送信電力とEIRPの両方に上限を課しています。",
    "formula": "EIRP[dBm] = 送信電力[dBm] + アンテナ利得[dBi] − ケーブル損失[dB]",
    "metaTitle": "EIRP計算・920MHz帯法規チェックツール｜ARIB STD-T108の上限と余裕",
    "slug": "eirp-compliance",
    "title": "EIRP法規チェック（920MHz帯）",
  },
  {
    "beginnerGuide": {
      "inputs": "使う周波数と通信距離を入れます。まず基本損失だけを知りたい時に使います。",
      "purpose": "障害物がない理想条件で、距離と周波数だけで電波がどれくらい弱くなるかを見ます。",
      "result": "この損失に、ケーブル損、アンテナ利得、環境損を足し引きして受信電力を見積もります。",
    },
    "canonical": "https://www.staf.co.jp/tools/free-space-loss",
    "description": "障害物のない理想空間で、距離により電波が弱くなる量（自由空間損失）を計算します。距離2倍で約6dB増えることも確認できます。",
    "essenceLead": "距離が伸びるほど、また周波数が高いほど、自由空間損失は大きくなります。",
    "formula": "FSPL[dB] = 32.44 + 20log10(距離[km]) + 20log10(周波数[MHz])",
    "metaTitle": "自由空間損失 FSPL 計算ツール｜距離と周波数による損失",
    "slug": "free-space-loss",
    "title": "自由空間損失（FSPL）",
  },
  {
    "beginnerGuide": {
      "inputs": "使う周波数を入れます。基板上や材料中で考える場合は誘電率も確認します。",
      "purpose": "周波数から波長を出し、アンテナ長やアンテナ間隔のサイズ感をつかみます。",
      "result": "λ/2やλ/4を、アンテナ長、配置間隔、基板配線の最初の目安にします。",
    },
    "canonical": "https://www.staf.co.jp/tools/frequency-wavelength",
    "description": "周波数から波長 λ、λ/2、λ/4、λ/8 を計算します。半波長アンテナの目安や、誘電率による波長短縮も図で確認できます。",
    "essenceLead": "周波数が高いほど波長は短くなり、アンテナも小さくできます。",
    "formula": "λ[m] = 299,792,458 / 周波数[Hz]",
    "metaTitle": "周波数・波長 計算ツール｜λ・λ/2・λ/4 とアンテナサイズ",
    "slug": "frequency-wavelength",
    "title": "周波数・波長",
  },
  {
    "beginnerGuide": {
      "inputs": "周波数、通信距離、障害物がある位置を入れます。屋外の見通し経路で特に役立ちます。",
      "purpose": "見通し通信で、直線上だけでなく周囲の空間をどれくらい空ける必要があるかを確認します。",
      "result": "60%クリアランスを確保できない場合は、アンテナ高、設置場所、経路を見直します。",
    },
    "canonical": "https://www.staf.co.jp/tools/fresnel-zone",
    "description": "周波数・距離・障害物位置から第1フレネルゾーン半径と60%クリアランスを計算します。経路の断面図で、どれだけ空けるべきかを確認できます。",
    "essenceLead": "電波は直線ではなく、楕円体の空間（フレネルゾーン）を通って伝わります。",
    "formula": "r1 = √( λ × d1 × d2 / (d1 + d2) )",
    "metaTitle": "フレネルゾーン半径計算ツール｜見通し・クリアランスの目安",
    "slug": "fresnel-zone",
    "title": "フレネルゾーン半径",
  },
  {
    "beginnerGuide": {
      "inputs": "信号レベル、アンテナ利得、ケーブル損失、LNA利得・NF、受信機NFを入れます。",
      "purpose": "GNSSでパッシブアンテナが足りるか、アクティブアンテナが必要かを比較します。",
      "result": "40dB-Hz超を良好、35〜40dB-Hzを使用可、35dB-Hz未満を厳しい目安として読みます。",
    },
    "canonical": "https://www.staf.co.jp/tools/gnss-cn0",
    "description": "GNSS信号レベル、アンテナ利得、ケーブル損失、LNA利得・NF、受信機NFから、パッシブとアクティブ構成のC/N0を比較します。",
    "essenceLead": "LNAをアンテナ直後に置くと、後段ケーブルと受信機NFの影響を利得で小さくできます。",
    "formula": "C/N0=Pr+Gant−Lpre−(−174+NFsys)",
    "metaTitle": "GNSS C/N0バジェット計算｜パッシブ・アクティブアンテナ比較",
    "scopeNote": "290Kの熱雑音密度−174dBm/Hzと線形受信系を前提とした入力換算値です。実際の空、遮蔽、マルチパス、帯域外妨害、フィルタ損失は別途確認してください。",
    "slug": "gnss-cn0",
    "title": "GNSS受信 C/N0バジェット",
  },
  {
    "beginnerGuide": {
      "inputs": "使用周波数、基板の比誘電率、基板厚を入れます。基板厚は適用条件の記録に使い、本簡易式の長さ補正には使いません。",
      "purpose": "内蔵IFAを描き始める前に、必要なパターン長のサイズ感を確認します。",
      "result": "全長と給電間隔を初期値にし、筐体へ組み込んだ状態で共振を実測調整します。",
    },
    "canonical": "https://www.staf.co.jp/tools/ifa-initial-dimensions",
    "description": "周波数と基板の比誘電率から、逆Fアンテナ（IFA）の全長と短絡点から給電点までの間隔を簡易計算します。筐体込み調整前の初期寸法に使います。",
    "essenceLead": "基板上では波長が短縮されるため、IFAの初期全長は自由空間λ/4より短くなります。",
    "formula": "L ≈ λ0 / (4√εeff)　εeff=(εr+1)/2",
    "metaTitle": "逆F・IFAアンテナ初期寸法計算｜周波数と基板εrから概算",
    "scopeNote": "εeff=(εr+1)/2の簡易モデルです。基板厚・線幅・GND・筐体・部品配置による共振ずれは含まないため、実測またはEM解析での追い込みが必要です。",
    "slug": "ifa-initial-dimensions",
    "title": "逆F・IFAアンテナ初期寸法",
  },
  {
    "beginnerGuide": {
      "inputs": "負荷のR+jX、動作周波数、合わせたい基準抵抗を入れます。",
      "purpose": "VNAで測ったアンテナや負荷を、50Ωへ合わせる部品の初期値を出します。",
      "result": "2解のL/C値を比較し、部品の実現性と帯域を見て選び、実機で再調整します。",
    },
    "canonical": "https://www.staf.co.jp/tools/l-match",
    "description": "負荷の抵抗・リアクタンスと周波数から、基準インピーダンスへ整合するL型回路の2解をnH・pFで計算します。",
    "essenceLead": "同じ複素負荷でもL型整合には2つの回路解があり、実装しやすい方を選べます。",
    "formula": "Q=√(max(R,Z0)/min(R,Z0)−1)　XL=ωL　BC=ωC",
    "metaTitle": "L型整合回路計算｜複素インピーダンスを50Ωへ整合",
    "scopeNote": "理想集中定数による単一周波数の初期値です。部品Q、寄生成分、配線、実装後のアンテナインピーダンスをVNAで確認してください。",
    "slug": "l-match",
    "title": "L型整合回路計算",
  },
  {
    "beginnerGuide": {
      "inputs": "周波数、アンテナ面の一番大きい幅、相手や測定点までの距離を入れます。",
      "purpose": "大型アレイや高周波アンテナを、遠方界として扱ってよい距離かを確認します。",
      "result": "要注意なら、測定距離、近傍界補正、距離方向の焦点を確認します。",
    },
    "canonical": "https://www.staf.co.jp/tools/large-array-near-field",
    "description": "大型アレイや高周波アンテナを、相手や測定点から見て遠方界として扱ってよいかを確認します。測定距離、ビーム設計、近傍界補正の判断に使えます。",
    "essenceLead": "5G/6Gや大型開口では、遠方界の前提が想像以上に遠くなります。",
    "formula": "Rff = 2D²/λ　F = D²/(λR)",
    "metaTitle": "大型アレイ近傍界判定ツール｜Fraunhofer距離とFresnel数",
    "slug": "large-array-near-field",
    "title": "大型アレイ近傍界・遠方界判定",
  },
  {
    "beginnerGuide": {
      "inputs": "基板厚、比誘電率、配線幅、周波数を入れます。基板メーカーの仕様値を使うと現実に近づきます。",
      "purpose": "基板上のRF配線を、50Ωなど狙った特性インピーダンスに近づける初期寸法を決めます。",
      "result": "Z0が目標から外れる場合は、配線幅や基板条件を調整します。ビアピッチや曲げも初期確認できます。",
    },
    "canonical": "https://www.staf.co.jp/tools/microstrip-line",
    "description": "基板上のマイクロストリップ線路の特性インピーダンス・実効比誘電率・電気長（λg・Vp・度）を計算し、曲げ（マイター）やグラウンドのスルーホール（ビア）ピッチの設計目安まで提案します。断面図・上面図つき。",
    "essenceLead": "Z0と電気長はW・h・εr・周波数で決まり、ビアはλgの数分の1以下のピッチで打ちます。",
    "formula": "Z0・εeff・λg＝f(W,h,εr,周波数)　ビアピッチ≈λg/10",
    "metaTitle": "マイクロストリップ線路シミュレーション｜特性インピーダンス・マイター曲げ設計",
    "slug": "microstrip-line",
    "title": "マイクロストリップ線路",
  },
  {
    "beginnerGuide": {
      "inputs": "周波数・入射角・ガラス種類・送信電力・屋外距離・室内寸法を入れます。",
      "purpose": "窓際に30cm角のナミゲートを設置すると、室内のどこがどれだけ改善しそうかを面で概算します。",
      "result": "OFF/ON/差分のヒートマップと、平均受信電力・平均改善量・営業判定を読み取ります（概算）。",
    },
    "canonical": "https://www.staf.co.jp/tools/nami-gate-window",
    "description": "ローカル5G／Wi-Fi 5GHzで、窓面に30cm×30cmのナミゲートを設置した場合の室内受信電力分布を、設置なし（OFF）／設置あり（ON）／改善量（差分）のヒートマップで概算します。周波数・入射角・ガラス種類・送信電力・室内寸法を変えて、設置前後の改善傾向と営業判定を確認できる商用デモ用ツールです。",
    "essenceLead": "窓面のナミゲートが透過損失を補い、室内の受信電力分布（OFF→ON）と改善量を面で可視化します。",
    "formula": "各セルの受信電力 = 送信電力 − 屋外損失 − ガラス損失 − 入射角損失 − 屋内スプレッド損失 ＋ ナミゲート利得 ＋ 指向性補正",
    "metaTitle": "ナミゲート室内受信電力シミュレーター｜窓設置30cm角・OFF/ON/差分ヒートマップ",
    "scopeNote": "室内を格子状に区切り、入射角・ガラス透過損失・ナミゲート利得から設置前後の受信電力分布を概算する営業提案ツールです。利得テーブル・補正係数は暫定値（実測値差し替え前提）で、色は固定dBmスケールの相対比較・絶対値は未校正、反射・什器・人体・実機指向性は含みません。設計判断には実測と追加余裕を前提にしてください。",
    "slug": "nami-gate-window",
    "title": "ナミゲート 室内受信電力シミュレーター",
  },
  {
    "beginnerGuide": {
      "inputs": "BOX種類、蓋の材質、湿り具合、地上側距離、アンテナ位置を選びます。",
      "purpose": "水道BOXやマンホール内の端末が、蓋・水分・地下配置でどれくらい不利になるかを見積もります。",
      "result": "通信余裕が小さい場合は、アンテナ位置、蓋条件、中継、地上側設備の見直しを検討します。",
    },
    "canonical": "https://www.staf.co.jp/tools/ncu-below-ground",
    "description": "水道BOX、メーターボックス、マンホール、地下ピット内のNCU端末について、地上側伝搬と蓋・BOX・水分・アンテナ位置による追加損失を分けて、通信余裕をレンジで簡易評価します。",
    "essenceLead": "GL以下の端末は、アンテナ高をマイナスにせず、蓋・BOX・水分・配置の追加損失として分けて評価します。",
    "formula": "受信電力 = 送信電力 + 利得 − 地上側伝搬損失 − BOX追加損失 ± 実測補正",
    "metaTitle": "GL以下NCU・水道BOX通信診断｜地下・メーターボックス内端末の追加損失を評価",
    "slug": "ncu-below-ground",
    "title": "GL以下NCU・水道BOX診断",
  },
  {
    "beginnerGuide": {
      "inputs": "①帯域幅（電波を受ける周波数の幅）②雑音指数NF（受信機自身が足す雑音）③所要SNR（復調に必要な信号の余裕）。LoRaはSF別プリセットで一発設定できます。",
      "purpose": "「なぜこの受信機は-137dBmまで受かるのか」を、雑音の物理から自分で説明できるようになります。データシートの感度が妥当かの検算にも使えます。",
      "result": "ノイズフロアと受信感度が滝グラフで出ます。この感度をリンクバジェット計算の「受信感度」に入れると、通信距離の根拠が物理とつながります。",
    },
    "canonical": "https://www.staf.co.jp/tools/noise-floor",
    "description": "受信機が聞き取れる最小の電波の強さ（受信感度）を、雑音の下限（ノイズフロア）から積み上げて計算します。帯域幅・雑音指数（NF）・所要SNRの3つだけで決まります。LoRaのSF別感度も確認できます。",
    "essenceLead": "受信感度は謎の数字ではなく、雑音の下限（ノイズフロア）に「復調に必要な余裕」を足しただけの物理量です。",
    "formula": "受信感度[dBm] = -174 + 10log10(帯域幅[Hz]) + NF[dB] + 所要SNR[dB]",
    "metaTitle": "ノイズフロア・受信感度 計算ツール｜帯域幅・NF・所要SNRから導出",
    "slug": "noise-floor",
    "title": "ノイズフロアと受信感度",
  },
  {
    "beginnerGuide": {
      "inputs": "狙う周波数、基板の比誘電率、基板厚を入れます。",
      "purpose": "基板に描くパッチアンテナの、最初の幅と長さを決めます。",
      "result": "出た寸法をCADやEMシミュレーションの出発点にし、給電位置やGND条件で追い込みます。",
    },
    "canonical": "https://www.staf.co.jp/tools/patch-antenna-dimensions",
    "description": "基板上に作る四角いパッチアンテナの最初のCAD寸法を決めるため、中心周波数、比誘電率、基板厚から幅と長さを概算します。",
    "essenceLead": "パッチは基板上の実効波長で決まるため、自由空間のλ/2より短くなります。",
    "formula": "W = c/(2f)√(2/(εr+1))　L = c/(2f√εeff) − 2ΔL",
    "metaTitle": "矩形パッチアンテナ寸法計算ツール｜周波数・基板εr・厚みから概算",
    "slug": "patch-antenna-dimensions",
    "title": "矩形パッチアンテナ寸法",
  },
  {
    "beginnerGuide": {
      "inputs": "偏波の組み合わせ（直線↔直線／直線↔円／円↔円）を選びます。直線どうしは傾き角θを、円どうしは同旋か逆旋かを指定します。",
      "purpose": "アンテナの向きずれや偏波の組み合わせで何dB失うかを確認し、リンクバジェットに計上する損失を決めます。",
      "result": "向き不定の端末は45°想定で3dB、円偏波リーダ×直線タグは常時3dBを見込みます。直交（90°・逆旋）は原理的に通信不可レベルで、設置か偏波方式の見直しが必要です。",
    },
    "canonical": "https://www.staf.co.jp/tools/polarization-loss",
    "description": "送受信アンテナの偏波の組み合わせ（直線・円）と傾き角θから、偏波不整合による損失を計算します。θ=45°で3dB、直交で理論∞。向きが不定なIoT端末やRFIDで円偏波を使う理由も図で分かります。",
    "essenceLead": "受信アンテナは自分の偏波に沿った電界成分しか拾えず、直線どうしなら電力はcos²θに減ります。",
    "formula": "損失[dB] = -20log10|cosθ|（直線↔直線）／ 直線↔円 = 3dB ／ 円↔円 同旋0dB・逆旋∞",
    "metaTitle": "偏波不整合損失 計算ツール｜直線・円偏波の組み合わせと傾き角θ",
    "slug": "polarization-loss",
    "title": "偏波不整合損失",
  },
  {
    "beginnerGuide": {
      "inputs": "周波数、距離、アンテナ高、環境を入れます。屋外・市街地・反射の有無で結果が変わります。",
      "purpose": "距離が伸びたときに電波がどれくらい弱くなるかを、複数の考え方で見比べます。",
      "result": "モデル差が大きい場合は、現場に近いモデルを選び、実測や追加余裕を前提に判断します。",
    },
    "canonical": "https://www.staf.co.jp/tools/propagation-loss",
    "description": "自由空間損失、2波モデル、Log-distance、奥村-秦／COST 231-Hata を同じ条件で並べて比較できます。距離・周波数・アンテナ高を変えながら、2D断面図、距離カーブ、2波干渉の山谷を確認できます。",
    "essenceLead": "同じ条件でも、選ぶモデルで伝搬損失の見積もりは大きく変わります。2波では直接波と反射波の干渉で局所的な山谷も出ます。",
    "formula": "FSPL = 32.44 + 20·log10(f) + 20·log10(d) ／ Hata = 69.55 + 26.16·log10(f) − …",
    "metaTitle": "伝搬損失モデル比較ツール｜自由空間・2波・Log-distance・奥村-秦/COST231-Hata",
    "slug": "propagation-loss",
    "title": "伝搬損失モデル比較",
  },
  {
    "beginnerGuide": {
      "inputs": "使う周波数、アンテナ長、コイルやGNDなどの損失抵抗を入れます。",
      "purpose": "短いアンテナが、整合しているのに飛びにくい理由を効率の面から確認します。",
      "result": "外へ出る割合が低い場合は、アンテナを長くする、損失を減らす、GNDや筐体を見直します。",
    },
    "canonical": "https://www.staf.co.jp/tools/radiation-resistance",
    "description": "短いアンテナが、整合しているのに飛びにくい理由を確認します。アンテナ長と損失抵抗から、電波として外へ出る割合の目安を計算します。",
    "essenceLead": "短いアンテナは放射抵抗が小さく、わずかな損失抵抗でも効率が下がります。",
    "formula": "Rr≈40π²(h/λ)² または 20π²(l/λ)²",
    "metaTitle": "短縮アンテナ放射抵抗・効率計算ツール｜短いモノポール/ダイポールの厳しさ",
    "slug": "radiation-resistance",
    "title": "短縮アンテナ放射抵抗・効率",
  },
  {
    "beginnerGuide": {
      "inputs": "①周波数（1〜100GHz）②降雨強度（小雨〜豪雨のチップ）③距離④偏波（水平/垂直）。雨滴は落下中につぶれるため、水平偏波の方がやや大きく減衰します。",
      "purpose": "「雨の日に無線が切れる」はどこまで本当かを数字で確かめます。ミリ波5Gや固定無線・衛星リンクの雨マージン設計の第一歩です。",
      "result": "合計減衰[dB]と内訳（降雨・酸素・水蒸気）が出ます。この値をリンクバジェット診断の追加損失に足すと、雨天時の通信成立性（雨マージン）を判定できます。",
    },
    "canonical": "https://www.staf.co.jp/tools/rain-attenuation",
    "description": "降雨減衰（ITU-R P.838-3のk・R^α則）と大気ガス吸収（ITU-R P.676-13の酸素・水蒸気）を、周波数・降雨強度・距離・偏波から計算します。1〜100GHzのスペクトル図で、60GHzの酸素の山と22GHzの水蒸気の山も確認できます。",
    "essenceLead": "雨も空気も「どの周波数か」で効き方が桁で変わります。Sub-GHzではほぼゼロ、ミリ波では設計の主役です。",
    "formula": "合計減衰[dB] = ( k・R^α + γgas ) × 距離[km]",
    "metaTitle": "降雨・大気減衰 計算ツール｜ITU-R P.838-3/P.676-13準拠",
    "slug": "rain-attenuation",
    "title": "降雨・大気減衰",
  },
  {
    "beginnerGuide": {
      "inputs": "周波数、反射面の幅と高さ、送信側・受信側までの距離、見込む効率を入れます。",
      "purpose": "反射板やRISを置いて、効きそうな面積と距離条件かを概算します。",
      "result": "反射経路が厳しい場合は、面積を増やす、距離を短くする、設置角度や方式を見直します。",
    },
    "canonical": "https://www.staf.co.jp/tools/reflector-ris-size-effect",
    "description": "反射板やRISを置いたときに、そもそも効きそうな面積・距離かを概算します。面を大きくする効果と、2ホップ経路の損失を同時に確認できます。",
    "essenceLead": "反射面は面積、距離、波長、近傍/遠方界で効き方が変わります。",
    "formula": "Gsurface≈4πAη/λ²　L2hop≈max(FSPL(d1)+FSPL(d2)-2·Gsurface, FSPL(d1+d2))",
    "metaTitle": "反射板・RISサイズ効果計算ツール｜面積・距離・波長による概算",
    "slug": "reflector-ris-size-effect",
    "title": "反射板・RISサイズ効果",
  },
  {
    "beginnerGuide": {
      "inputs": "ばらつきの大きさσ（環境プリセット: 都市8dB／郊外6dB／開放地4dB）と、目標信頼率（50〜99%のチップ）を選びます。",
      "purpose": "同じ場所でも日や置き方で受信レベルがばらつく現象（シャドウイング）に対し、目標の成功率を守るには何dBの余裕が必要かを決めます。",
      "result": "必要マージン[dB]が出ます。リンクバジェット診断のリンク余裕がこの値以上あれば、目標信頼率を満たす見込みです（90%で約1.28σ、99%で約2.33σ）。",
    },
    "canonical": "https://www.staf.co.jp/tools/shadowing-margin",
    "description": "建物や地形の遮蔽で受信レベルが場所ごとにばらつく「シャドウイング」に対し、目標信頼率（50〜99%）を満たすために積むべきマージンを σ[dB]×Φ⁻¹(信頼率) で計算します。都市8dB・郊外6dB・開放地4dBのσプリセットと、dB正規分布の釣鐘曲線つき。",
    "essenceLead": "受信レベルはdBで正規分布のばらつき（σ）を持ち、「何%で成立させたいか」を決めると必要マージンが一意に決まります。",
    "formula": "必要マージン[dB] = σ[dB] × Φ⁻¹(信頼率)",
    "metaTitle": "シャドウイングマージン計算ツール｜σ×Φ⁻¹(信頼率)で必要マージンを算出",
    "scopeNote": "セルエッジ（1地点）の信頼率を対象にした第一段の見積もりです。エリア全体の被覆率（Jakes近似）や、マルチパスによる瞬時変動（レイリー/ライスフェージング）は対象外です。",
    "slug": "shadowing-margin",
    "title": "シャドウイングマージン",
  },
  {
    "beginnerGuide": {
      "inputs": "周波数、距離、送信電力、受信感度を入れます。分かる場合だけアンテナ利得や追加損失を足します。",
      "purpose": "通信が届きそうかを、受信電力と受信感度の差だけでまず確認します。",
      "result": "リンク余裕が0dBを下回ると厳しく、10〜20dB以上あるほど設置ばらつきに強くなります。",
    },
    "canonical": "https://www.staf.co.jp/tools/simple-link-budget",
    "description": "送信電力、アンテナ利得、自由空間損失、追加損失、受信感度だけで、受信電力とリンクマージンを計算します。RFリンクバジェットの足し引きを最小構成で確認できます。",
    "essenceLead": "dBmとdBは足し引きでき、受信電力が受信感度を何dB上回るかが通信余裕です。",
    "formula": "受信電力 = 送信電力 + 利得 − FSPL − 追加損失",
    "metaTitle": "かんたんリンク計算ツール｜受信電力とリンクマージンを1行で確認",
    "scopeNote": "リンクバジェットの考え方を最短で確認する入口です。壁・地面反射・筐体・実測補正まで分けたい場合は、総合版のリンクバジェット診断を使います。",
    "slug": "simple-link-budget",
    "title": "かんたんリンク計算",
  },
  {
    "beginnerGuide": {
      "inputs": "使う周波数、アンテナに使える半径、必要な帯域を入れます。",
      "purpose": "その筐体サイズで、必要な帯域のアンテナを作るのが現実的かを確認します。",
      "result": "必要帯域が目安を超える場合は、アンテナスペース拡大や複共振化などを検討します。",
    },
    "canonical": "https://www.staf.co.jp/tools/small-antenna-limit",
    "description": "その筐体サイズで必要なアンテナ帯域を狙えるかを、物理限界の目安から確認します。小さすぎて無理筋な要求かどうかの初期判断に使います。",
    "essenceLead": "小さくするほどQが上がり、帯域は急に狭くなります。",
    "formula": "ka = 2πa/λ　Qmin≈1/(ka)³+1/(ka)",
    "metaTitle": "小型アンテナ限界計算ツール｜ka・Chu限界Q・比帯域",
    "slug": "small-antenna-limit",
    "title": "小型アンテナ限界（ka・Q・帯域）",
  },
  {
    "beginnerGuide": {
      "inputs": "狙う周波数、ループ直径、導体の太さ、巻数を入れます。",
      "purpose": "小さなループを狙った周波数に合わせるため、載せるコンデンサ容量の目安を出します。",
      "result": "必要容量が極端なら、コンデンサだけでなくループ径や巻数を見直します。",
    },
    "canonical": "https://www.staf.co.jp/tools/small-loop-resonance",
    "description": "NFCやRFIDなどの小さなループを狙った周波数に合わせるため、ループ形状からインダクタンスと必要な同調コンデンサ容量を概算します。",
    "essenceLead": "小型ループは同調容量に敏感で、共振させるほど帯域とばらつきに注意が必要です。",
    "formula": "L≈μ0N²r(ln(8r/a)-2)　C=1/((2πf)²L)",
    "metaTitle": "小型ループアンテナ共振計算ツール｜インダクタンスと必要容量",
    "slug": "small-loop-resonance",
    "title": "小型ループアンテナ共振",
  },
  {
    "beginnerGuide": {
      "inputs": "VSWR、リターンロス、反射係数など、分かっている値を1つ入れます。",
      "purpose": "アンテナやケーブルの整合が悪く、送信した電力が戻ってきていないかを確認します。",
      "result": "反射電力が大きいほど、アンテナ調整、コネクタ、ケーブル、整合回路を見直します。",
    },
    "canonical": "https://www.staf.co.jp/tools/vswr-return-loss",
    "description": "VSWR、リターンロス、反射係数、反射電力を相互変換します。アンテナや伝送線路の整合の良し悪しを、定在波の図で直感的に確認できます。",
    "essenceLead": "整合が悪いほど、反射波が増えて定在波の山と谷が深くなります。",
    "formula": "VSWR = (1 + Γ) / (1 - Γ)",
    "metaTitle": "VSWR・リターンロス変換ツール｜反射係数・反射電力も計算",
    "slug": "vswr-return-loss",
    "title": "VSWR・リターンロス変換",
  },
]
`;

exports[`tool registries > toolCategories snapshot 1`] = `
[
  {
    "description": "通信が届くかどうかを、送受信電力・距離・損失から見積もる基本系。まずはここから。",
    "id": "link",
    "label": "リンク設計",
  },
  {
    "description": "アンテナの寸法・利得・配置を、波長と基板条件から実務的に概算するツール。",
    "id": "antenna",
    "label": "アンテナ設計",
  },
  {
    "description": "dB・dBm・波長など、他の計算結果を読む前に押さえる入口。無線に慣れていない方はここから。",
    "id": "basics",
    "label": "単位・基礎",
  },
  {
    "description": "ケーブル・基板配線・整合の損失と反射を扱う、ハードウェア寄りのツール。",
    "id": "line",
    "label": "線路・整合",
  },
  {
    "description": "基板、GND、筐体へアンテナを組み込むときの初期寸法と配置条件を確認します。",
    "id": "implementation",
    "label": "実装・筐体",
  },
  {
    "description": "消費電力や受信品質を、通信方式と運用周期を含めてシステム視点で見積もります。",
    "id": "system",
    "label": "方式・運用設計",
  },
  {
    "description": "用語から実測レビューまで、RF設計の判断を問題形式で身につける。",
    "id": "learning",
    "label": "学習クエスト",
  },
  {
    "description": "少し難しいテーマを、設計判断に使える形へほどく区画です。小型化、近距離の大型アレイ、反射面の効き方など、無理が出やすい条件を確認できます。",
    "id": "research",
    "label": "発展・設計限界",
  },
]
`;

exports[`tool registries > toolDirectory snapshot 1`] = `
[
  {
    "category": "link",
    "href": "/tools/rf-basic-link-calculator",
    "icon": "gauge",
    "name": "リンクバジェット診断",
    "tagline": "通信が届くかを総合的に判定",
  },
  {
    "category": "link",
    "href": "/tools/simple-link-budget",
    "icon": "calculator",
    "name": "かんたんリンク計算",
    "tagline": "受信電力と通信余裕だけを見る",
  },
  {
    "category": "link",
    "href": "/tools/free-space-loss",
    "icon": "waves",
    "name": "自由空間損失（FSPL）",
    "tagline": "距離と周波数による基本損失",
  },
  {
    "category": "link",
    "href": "/tools/noise-floor",
    "icon": "activity",
    "name": "ノイズフロア・受信感度",
    "tagline": "「どこまで弱い電波を受けられるか」の物理限界",
  },
  {
    "category": "link",
    "href": "/tools/eirp-compliance",
    "icon": "gauge",
    "name": "EIRP法規チェック（920MHz帯）",
    "tagline": "空中線電力＋利得が法規上限内かを判定",
  },
  {
    "category": "link",
    "href": "/tools/rain-attenuation",
    "icon": "waves",
    "name": "降雨・大気減衰",
    "tagline": "雨と空気はどの周波数から電波を食うか",
  },
  {
    "category": "link",
    "href": "/tools/shadowing-margin",
    "icon": "activity",
    "name": "シャドウイングマージン",
    "tagline": "場所ごとのばらつきに何dB積むか",
  },
  {
    "category": "antenna",
    "href": "/tools/polarization-loss",
    "icon": "repeat",
    "name": "偏波不整合損失",
    "tagline": "偏波の向きずれで失うdBを確認",
  },
  {
    "category": "link",
    "href": "/tools/fresnel-zone",
    "icon": "spline",
    "name": "フレネルゾーン半径",
    "tagline": "見通しと必要クリアランス",
  },
  {
    "category": "link",
    "href": "/tools/propagation-loss",
    "icon": "building",
    "name": "伝搬損失モデル比較",
    "tagline": "自由空間〜Hata系を一括比較",
  },
  {
    "category": "link",
    "href": "/tools/ncu-below-ground",
    "icon": "box",
    "name": "GL以下NCU・水道BOX診断",
    "tagline": "地下・BOX内端末の追加損失を分解",
  },
  {
    "category": "link",
    "href": "/tools/nami-gate-window",
    "icon": "window",
    "name": "ナミゲート 室内受信電力シミュレーター",
    "tagline": "窓設置30cm角・室内分布をOFF/ON/差分で可視化",
  },
  {
    "category": "learning",
    "href": "/tools/rf-learning-quest",
    "icon": "book",
    "name": "RF学習クエスト",
    "tagline": "1000問のアンテナ設計RPG",
  },
  {
    "category": "basics",
    "href": "/tools/frequency-wavelength",
    "icon": "radio",
    "name": "周波数・波長",
    "tagline": "波長とアンテナのサイズ感",
  },
  {
    "category": "basics",
    "href": "/tools/dbm-converter",
    "icon": "repeat",
    "name": "dBm 変換",
    "tagline": "dBm / mW / W を相互変換",
  },
  {
    "category": "basics",
    "href": "/tools/db-feel",
    "icon": "ruler",
    "name": "dBを体感する",
    "tagline": "+3dBで2倍・+6dBで距離2倍",
  },
  {
    "category": "line",
    "href": "/tools/vswr-return-loss",
    "icon": "activity",
    "name": "VSWR・リターンロス",
    "tagline": "整合の良し悪しを見る",
  },
  {
    "category": "line",
    "href": "/tools/coaxial-cable-loss",
    "icon": "cable",
    "name": "同軸ケーブル損失",
    "tagline": "標準品の実測ロスを品番×周波数で",
  },
  {
    "category": "line",
    "href": "/tools/microstrip-line",
    "icon": "circuit",
    "name": "マイクロストリップ線路",
    "tagline": "基板配線の Z0 と曲げ設計",
  },
  {
    "category": "antenna",
    "href": "/tools/effective-aperture",
    "icon": "aperture",
    "name": "有効開口面積",
    "tagline": "利得を受信面積に換算",
  },
  {
    "category": "antenna",
    "href": "/tools/aperture-gain-beamwidth",
    "icon": "satellite",
    "name": "開口利得・ビーム幅",
    "tagline": "必要利得とビーム幅を確認",
  },
  {
    "category": "antenna",
    "href": "/tools/antenna-spacing",
    "icon": "scan",
    "name": "アンテナ間隔 λ換算",
    "tagline": "複数アンテナの離し方を判断",
  },
  {
    "category": "research",
    "href": "/tools/array-grating-lobe",
    "icon": "radar",
    "name": "不要ビーム判定",
    "tagline": "狙っていない方向に強く出ないか確認",
  },
  {
    "category": "antenna",
    "href": "/tools/patch-antenna-dimensions",
    "icon": "panel",
    "name": "パッチアンテナ寸法",
    "tagline": "基板CADの初期寸法を決める",
  },
  {
    "category": "research",
    "href": "/tools/small-loop-resonance",
    "icon": "refresh",
    "name": "小型ループ共振",
    "tagline": "同調コンデンサ容量を決める",
  },
  {
    "category": "research",
    "href": "/tools/radiation-resistance",
    "icon": "antenna",
    "name": "放射抵抗・効率",
    "tagline": "短いアンテナの飛びにくさを確認",
  },
  {
    "category": "research",
    "href": "/tools/small-antenna-limit",
    "icon": "orbit",
    "name": "小型アンテナ限界",
    "tagline": "筐体サイズで帯域が足りるか確認",
  },
  {
    "category": "research",
    "href": "/tools/large-array-near-field",
    "icon": "grid",
    "name": "大型アレイ近傍界",
    "tagline": "遠方界扱いでよいか確認",
  },
  {
    "category": "research",
    "href": "/tools/reflector-ris-size-effect",
    "icon": "mirror",
    "name": "反射板・RISサイズ効果",
    "tagline": "反射面を置く効果を見積もる",
  },
  {
    "category": "implementation",
    "href": "/tools/ifa-initial-dimensions",
    "icon": "circuit",
    "name": "逆F・IFA初期寸法",
    "tagline": "周波数と基板εrからパターン長を概算",
  },
  {
    "category": "line",
    "href": "/tools/l-match",
    "icon": "circuit",
    "name": "L型整合回路",
    "tagline": "複素負荷を50Ωへ合わせる2解",
  },
  {
    "category": "antenna",
    "href": "/tools/antenna-isolation",
    "icon": "antenna",
    "name": "2アンテナ間アイソレーション",
    "tagline": "間隔から自由空間S21を概算",
  },
  {
    "category": "system",
    "href": "/tools/battery-life",
    "icon": "activity",
    "name": "無線端末の電池寿命",
    "tagline": "送信周期と電流から稼働年数を概算",
  },
  {
    "category": "system",
    "href": "/tools/gnss-cn0",
    "icon": "satellite",
    "name": "GNSS C/N0バジェット",
    "tagline": "パッシブとアクティブアンテナを比較",
  },
]
`;
