
added 445 packages, and audited 446 packages in 8s

159 packages are looking for funding
  run `npm fund` for details

13 vulnerabilities (4 moderate, 7 high, 2 critical)

To address issues that do not require attention, run:
  npm audit fix

To address all issues (including breaking changes), run:
  npm audit fix --force

Run `npm audit` for details.
npm warn install-scripts 5 packages have install scripts not yet covered by allowScripts:
npm warn install-scripts   esbuild@0.21.5 (postinstall: node install.js)
npm warn install-scripts   fsevents@2.3.3 (install: (install scripts present))
npm warn install-scripts   fsevents@2.3.2 (install: (install scripts present))
npm warn install-scripts   sharp@0.34.5 (install: node install/check.js || npm run build)
npm warn install-scripts   unrs-resolver@1.12.2 (postinstall: node postinstall.js)
npm warn install-scripts
npm warn install-scripts Run `npm install-scripts ls` to review, or `npm install-scripts approve <pkg>` to allow.
npm notice
npm notice New major version of npm available! 11.19.0 -> 12.0.2
npm notice Changelog: https://github.com/npm/cli/releases/tag/v12.0.2
npm notice To update run: npm install -g npm@12.0.2
npm notice
